******************************************************************************
                  TI ARM Linker PC v15.12.1                    
******************************************************************************
>> Linked Tue Feb 20 14:53:56 2024

OUTPUT FILE NAME:   <P01_TM4C129XL_GPIO-ISR_TIMER_A.out>
ENTRY POINT SYMBOL: "_c_int00"  address: 00001679


MEMORY CONFIGURATION

         name            origin    length      used     unused   attr    fill
----------------------  --------  ---------  --------  --------  ----  --------
  FLASH                 00000000   00100000  00001906  000fe6fa  R  X
  SRAM                  20000000   00040000  00000a8c  0003f574  RW X


SEGMENT ALLOCATION MAP

run origin  load origin   length   init length attrs members
----------  ----------- ---------- ----------- ----- -------
00000000    00000000    0000190c   0000190c    r-x
  00000000    00000000    00000208   00000208    r-- .intvecs
  00000208    00000208    0000161a   0000161a    r-x .text
  00001824    00001824    00000070   00000070    r-- .const
  00001898    00001898    00000074   00000074    r-- .cinit
20000000    20000000    00000a8c   00000000    rw-
  20000000    20000000    00000208   00000000    rw- .vtable
  20000208    20000208    00000800   00000000    rw- .stack
  20000a08    20000a08    00000080   00000000    rw- .data
  20000a88    20000a88    00000004   00000000    rw- .bss


SECTION ALLOCATION MAP

 output                                  attributes/
section   page    origin      length       input sections
--------  ----  ----------  ----------   ----------------
.intvecs   0    00000000    00000208     
                  00000000    00000208     tm4c1294ncpdt_startup_ccs.obj (.intvecs)

.text      0    00000208    0000161a     
                  00000208    000006d8     ESP_EKTM4C1294XL.lib : platform.obj (.text)
                  000008e0    00000380                          : hal_gpio.obj (.text)
                  00000c60    00000340                          : hal_spi_master.obj (.text)
                  00000fa0    000001fc                          : hal_sys.obj (.text)
                  0000119c    000001ec     hal_gpio.obj (.text)
                  00001388    000000fc     main.obj (.text)
                  00001484    0000009c     rtsv7M4_T_le_v4SPD16_eabi.lib : memcpy_t2.obj (.text)
                  00001520    0000007a                                   : memset_t2.obj (.text)
                  0000159a    00000002                                   : mpu_init.obj (.text)
                  0000159c    00000070                                   : autoinit.obj (.text)
                  0000160c    0000006a                                   : copy_decompress_rle.obj (.text)
                  00001676    00000002                                   : startup.obj (.text)
                  00001678    00000054                                   : boot.obj (.text)
                  000016cc    00000054                                   : exit.obj (.text)
                  00001720    0000004c                                   : cpy_tbl.obj (.text)
                  0000176c    00000028     ESP_EKTM4C1294XL.lib : ESP_EKTM4C1294XL.obj (.text)
                  00001794    0000001a     hal_timer.obj (.text)
                  000017ae    00000002     --HOLE-- [fill = 0]
                  000017b0    00000018     rtsv7M4_T_le_v4SPD16_eabi.lib : args_main.obj (.text)
                  000017c8    00000014                                   : _lock.obj (.text)
                  000017dc    00000014                                   : strlen.obj (.text)
                  000017f0    0000000e                                   : copy_decompress_none.obj (.text:decompress:none)
                  000017fe    0000000c     tm4c1294ncpdt_startup_ccs.obj (.text)
                  0000180a    00000008     ESP_EKTM4C1294XL.lib : sys.obj (.text)
                  00001812    00000006                          : hal_sys.obj (.text:_espLib_hal_sys_delay)
                  00001818    00000006     rtsv7M4_T_le_v4SPD16_eabi.lib : copy_decompress_rle.obj (.text:decompress:rle24)
                  0000181e    00000004                                   : pre_init.obj (.text)

.const     0    00001824    00000070     
                  00001824    00000038     ESP_EKTM4C1294XL.lib : hal_gpio.obj (.const:_gpioArray)
                  0000185c    00000038                          : hal_sys.obj (.const:_hal_XTALtoMEMTIM$2)

.cinit     0    00001898    00000074     
                  00001898    00000032     (.cinit..data.load) [load image, compression = rle]
                  000018ca    00000006     --HOLE-- [fill = 0]
                  000018d0    0000000b     (.cinit..vtable.load) [load image, compression = rle]
                  000018db    00000005     --HOLE-- [fill = 0]
                  000018e0    00000009     (.cinit..bss.load) [load image, compression = rle]
                  000018e9    00000003     --HOLE-- [fill = 0]
                  000018ec    00000008     (__TI_handler_table)
                  000018f4    00000018     (__TI_cinit_table)

.init_array 
*          0    00000000    00000000     UNINITIALIZED

.vtable    0    20000000    00000208     UNINITIALIZED
                  20000000    00000208     ESP_EKTM4C1294XL.lib : hal_gpio.obj (.vtable)

.stack     0    20000208    00000800     UNINITIALIZED
                  20000208    00000800     --HOLE--

.data      0    20000a08    00000080     UNINITIALIZED
                  20000a08    00000040     ESP_EKTM4C1294XL.lib : platform.obj (.data:_btIntCbFct)
                  20000a48    0000000c     rtsv7M4_T_le_v4SPD16_eabi.lib : exit.obj (.data:$O1$$)
                  20000a54    0000000c     ESP_EKTM4C1294XL.lib : hal_spi_master.obj (.data:cs_n)
                  20000a60    0000000c                          : platform.obj (.data:espLib_platform_interruptIn)
                  20000a6c    00000008     rtsv7M4_T_le_v4SPD16_eabi.lib : _lock.obj (.data:$O1$$)
                  20000a74    00000007     ESP_EKTM4C1294XL.lib : platform.obj (.data)
                  20000a7b    00000001     --HOLE--
                  20000a7c    00000005                          : hal_sys.obj (.data)
                  20000a81    00000003     main.obj (.data)
                  20000a84    00000004     rtsv7M4_T_le_v4SPD16_eabi.lib : stkdepth_vars.obj (.data)

.bss       0    20000a88    00000004     UNINITIALIZED
                  20000a88    00000004     ESP_EKTM4C1294XL.lib : hal_gpio.obj (.bss)

MODULE SUMMARY

       Module                          code   ro data   rw data
       ------                          ----   -------   -------
    .\
       tm4c1294ncpdt_startup_ccs.obj   12     520       0      
       main.obj                        252    0         3      
    +--+-------------------------------+------+---------+---------+
       Total:                          264    520       3      
                                                               
    .\HAL\GPIO\
       hal_gpio.obj                    492    0         0      
    +--+-------------------------------+------+---------+---------+
       Total:                          492    0         0      
                                                               
    .\HAL\TIMER\
       hal_timer.obj                   26     0         0      
    +--+-------------------------------+------+---------+---------+
       Total:                          26     0         0      
                                                               
    ../ESP_EKTM4C1294XL.lib
       platform.obj                    1752   0         83     
       hal_gpio.obj                    896    56        524    
       hal_spi_master.obj              832    0         12     
       hal_sys.obj                     514    56        5      
       ESP_EKTM4C1294XL.obj            40     0         0      
       sys.obj                         8      0         0      
    +--+-------------------------------+------+---------+---------+
       Total:                          4042   112       624    
                                                               
    C:\ti\ccsv6\tools\compiler\ti-cgt-arm_15.12.1.LTS\lib\rtsv7M4_T_le_v4SPD16_eabi.lib
       memcpy_t2.obj                   156    0         0      
       memset_t2.obj                   122    0         0      
       autoinit.obj                    112    0         0      
       copy_decompress_rle.obj         112    0         0      
       exit.obj                        84     0         12     
       boot.obj                        84     0         0      
       cpy_tbl.obj                     76     0         0      
       _lock.obj                       20     0         8      
       args_main.obj                   24     0         0      
       strlen.obj                      20     0         0      
       copy_decompress_none.obj        14     0         0      
       pre_init.obj                    4      0         0      
       stkdepth_vars.obj               0      0         4      
       mpu_init.obj                    2      0         0      
       startup.obj                     2      0         0      
    +--+-------------------------------+------+---------+---------+
       Total:                          832    0         24     
                                                               
       Stack:                          0      0         2048   
       Linker Generated:               0      102       0      
    +--+-------------------------------+------+---------+---------+
       Grand Total:                    5656   734       2699   


LINKER GENERATED COPY TABLES

__TI_cinit_table @ 000018f4 records: 3, size/record: 8, table size: 24
	.data: load addr=00001898, load size=00000032 bytes, run addr=20000a08, run size=00000080 bytes, compression=rle
	.vtable: load addr=000018d0, load size=0000000b bytes, run addr=20000000, run size=00000208 bytes, compression=rle
	.bss: load addr=000018e0, load size=00000009 bytes, run addr=20000a88, run size=00000004 bytes, compression=rle


LINKER GENERATED HANDLER TABLE

__TI_handler_table @ 000018ec records: 2, size/record: 4, table size: 8
	index: 0, handler: __TI_decompress_rle24
	index: 1, handler: __TI_decompress_none


GLOBAL SYMBOLS: SORTED ALPHABETICALLY BY Name 

address   name                                 
-------   ----                                 
000016cd  C$$EXIT                              
000017ff  ResetISR                             
UNDEFED   SHT$$INIT_ARRAY$$Base                
UNDEFED   SHT$$INIT_ARRAY$$Limit               
20000a08  __STACK_END                          
00000800  __STACK_SIZE                         
20000408  __STACK_TOP                          
000018f4  __TI_CINIT_Base                      
0000190c  __TI_CINIT_Limit                     
000018ec  __TI_Handler_Table_Base              
000018f4  __TI_Handler_Table_Limit             
0000159d  __TI_auto_init                       
20000a48  __TI_cleanup_ptr                     
000017f1  __TI_decompress_none                 
00001819  __TI_decompress_rle24                
20000a4c  __TI_dtors_ptr                       
20000a50  __TI_enable_exit_profile_output      
ffffffff  __TI_pprof_out_hndl                  
ffffffff  __TI_prof_data_size                  
ffffffff  __TI_prof_data_start                 
00000000  __TI_static_base__                   
00001521  __aeabi_memclr                       
00001521  __aeabi_memclr4                      
00001521  __aeabi_memclr8                      
00001485  __aeabi_memcpy                       
00001485  __aeabi_memcpy4                      
00001485  __aeabi_memcpy8                      
00001523  __aeabi_memset                       
00001523  __aeabi_memset4                      
00001523  __aeabi_memset8                      
ffffffff  __binit__                            
ffffffff  __c_args__                           
0000159b  __mpu_init                           
20000208  __stack                              
000017b1  _args_main                           
00001679  _c_int00                             
00001813  _espLib_hal_sys_delay                
00001349  _hal_gpio_portHISR                   
0000134b  _hal_gpio_portJISR                   
0000134d  _hal_gpio_portKISR                   
0000134f  _hal_gpio_portMISR                   
20000000  _hal_pfnRAMVectors                   
000017ad  _hal_timer_t5ccp1ISR                 
20000a6c  _lock                                
000017d7  _nop                                 
000017cf  _register_lock                       
000017c9  _register_unlock                     
00001677  _system_post_cinit                   
0000181f  _system_pre_init                     
0000144d  _timer_callbackFct                   
20000a70  _unlock                              
0000140d  _usr_sw1_callbackFct                 
0000142d  _usr_sw2_callbackFct                 
000016d1  abort                                
ffffffff  binit                                
00001721  copy_in                              
00000ba1  espLib_hal_gpio_init                 
00000999  espLib_hal_gpio_interruptClear       
00000983  espLib_hal_gpio_interruptDisable     
0000096d  espLib_hal_gpio_interruptEnable      
00000953  espLib_hal_gpio_read                 
00000903  espLib_hal_gpio_registerCallback     
000008e1  espLib_hal_gpio_write                
00000d39  espLib_hal_spiM_init                 
00000c9f  espLib_hal_spiM_readBlocked          
00000c61  espLib_hal_spiM_writeBlocked         
0000112f  espLib_hal_sys_delayMs               
000010ef  espLib_hal_sys_delayUs               
000010e9  espLib_hal_sys_getSysClk             
000010cf  espLib_hal_sys_init                  
000007e9  espLib_platform_buttonGet            
0000078d  espLib_platform_buttonIntEnable      
000006d9  espLib_platform_buttonIntSetup       
0000069b  espLib_platform_buzzer_enable        
00000663  espLib_platform_buzzer_frequencySet  
000005a5  espLib_platform_init                 
0000056f  espLib_platform_lcdBacklight         
00000541  espLib_platform_lcdClear             
000004df  espLib_platform_lcdDrawHLine         
00000489  espLib_platform_lcdDrawLine          
0000040f  espLib_platform_lcdDrawRect          
000003b5  espLib_platform_lcdDrawVLine         
0000033b  espLib_platform_lcdFillRect          
0000028b  espLib_platform_lcdTxt               
00000249  espLib_platform_ledSet               
00000209  espLib_platform_rgbLedSet            
000010e9  espLib_sys_clockGet                  
000010cf  espLib_sys_init                      
0000180f  espLib_sys_msDelayBusyWait           
0000180b  espLib_sys_usDelayBusyWait           
000007e9  esp_bt                               
0000078d  esp_btIntEna                         
00001791  esp_btIntSetup                       
0000069b  esp_buzzerEna                        
00000663  esp_buzzerFreq                       
00001785  esp_init                             
0000056f  esp_lcdBLight                        
00000541  esp_lcdClr                           
000004df  esp_lcdDrawHLine                     
0000040f  esp_lcdDrawRect                      
000003b5  esp_lcdDrawVLine                     
0000033b  esp_lcdFillRect                      
0000028b  esp_lcdTxt                           
00000249  esp_led                              
0000176d  esp_rgbLed                           
000010e9  esp_sysCtlClockGet                   
000016d9  exit                                 
00000000  g_pfnVectors                         
0000119d  hal_gpio_init                        
00001217  hal_gpio_interruptCallbackFctRegister
0000124b  hal_gpio_interruptDisable            
00001225  hal_gpio_interruptEnable             
00001271  hal_gpio_read                        
000012a9  hal_gpio_write                       
00001795  hal_timer_init                       
000017a9  hal_timer_start                      
000017ab  hal_timer_stop                       
00001389  main                                 
20000a84  main_func_sp                         
00001485  memcpy                               
00001529  memset                               
000017dd  strlen                               


GLOBAL SYMBOLS: SORTED BY Symbol Address 

address   name                                 
-------   ----                                 
00000000  __TI_static_base__                   
00000000  g_pfnVectors                         
00000209  espLib_platform_rgbLedSet            
00000249  espLib_platform_ledSet               
00000249  esp_led                              
0000028b  espLib_platform_lcdTxt               
0000028b  esp_lcdTxt                           
0000033b  espLib_platform_lcdFillRect          
0000033b  esp_lcdFillRect                      
000003b5  espLib_platform_lcdDrawVLine         
000003b5  esp_lcdDrawVLine                     
0000040f  espLib_platform_lcdDrawRect          
0000040f  esp_lcdDrawRect                      
00000489  espLib_platform_lcdDrawLine          
000004df  espLib_platform_lcdDrawHLine         
000004df  esp_lcdDrawHLine                     
00000541  espLib_platform_lcdClear             
00000541  esp_lcdClr                           
0000056f  espLib_platform_lcdBacklight         
0000056f  esp_lcdBLight                        
000005a5  espLib_platform_init                 
00000663  espLib_platform_buzzer_frequencySet  
00000663  esp_buzzerFreq                       
0000069b  espLib_platform_buzzer_enable        
0000069b  esp_buzzerEna                        
000006d9  espLib_platform_buttonIntSetup       
0000078d  espLib_platform_buttonIntEnable      
0000078d  esp_btIntEna                         
000007e9  espLib_platform_buttonGet            
000007e9  esp_bt                               
00000800  __STACK_SIZE                         
000008e1  espLib_hal_gpio_write                
00000903  espLib_hal_gpio_registerCallback     
00000953  espLib_hal_gpio_read                 
0000096d  espLib_hal_gpio_interruptEnable      
00000983  espLib_hal_gpio_interruptDisable     
00000999  espLib_hal_gpio_interruptClear       
00000ba1  espLib_hal_gpio_init                 
00000c61  espLib_hal_spiM_writeBlocked         
00000c9f  espLib_hal_spiM_readBlocked          
00000d39  espLib_hal_spiM_init                 
000010cf  espLib_hal_sys_init                  
000010cf  espLib_sys_init                      
000010e9  espLib_hal_sys_getSysClk             
000010e9  espLib_sys_clockGet                  
000010e9  esp_sysCtlClockGet                   
000010ef  espLib_hal_sys_delayUs               
0000112f  espLib_hal_sys_delayMs               
0000119d  hal_gpio_init                        
00001217  hal_gpio_interruptCallbackFctRegister
00001225  hal_gpio_interruptEnable             
0000124b  hal_gpio_interruptDisable            
00001271  hal_gpio_read                        
000012a9  hal_gpio_write                       
00001349  _hal_gpio_portHISR                   
0000134b  _hal_gpio_portJISR                   
0000134d  _hal_gpio_portKISR                   
0000134f  _hal_gpio_portMISR                   
00001389  main                                 
0000140d  _usr_sw1_callbackFct                 
0000142d  _usr_sw2_callbackFct                 
0000144d  _timer_callbackFct                   
00001485  __aeabi_memcpy                       
00001485  __aeabi_memcpy4                      
00001485  __aeabi_memcpy8                      
00001485  memcpy                               
00001521  __aeabi_memclr                       
00001521  __aeabi_memclr4                      
00001521  __aeabi_memclr8                      
00001523  __aeabi_memset                       
00001523  __aeabi_memset4                      
00001523  __aeabi_memset8                      
00001529  memset                               
0000159b  __mpu_init                           
0000159d  __TI_auto_init                       
00001677  _system_post_cinit                   
00001679  _c_int00                             
000016cd  C$$EXIT                              
000016d1  abort                                
000016d9  exit                                 
00001721  copy_in                              
0000176d  esp_rgbLed                           
00001785  esp_init                             
00001791  esp_btIntSetup                       
00001795  hal_timer_init                       
000017a9  hal_timer_start                      
000017ab  hal_timer_stop                       
000017ad  _hal_timer_t5ccp1ISR                 
000017b1  _args_main                           
000017c9  _register_unlock                     
000017cf  _register_lock                       
000017d7  _nop                                 
000017dd  strlen                               
000017f1  __TI_decompress_none                 
000017ff  ResetISR                             
0000180b  espLib_sys_usDelayBusyWait           
0000180f  espLib_sys_msDelayBusyWait           
00001813  _espLib_hal_sys_delay                
00001819  __TI_decompress_rle24                
0000181f  _system_pre_init                     
000018ec  __TI_Handler_Table_Base              
000018f4  __TI_CINIT_Base                      
000018f4  __TI_Handler_Table_Limit             
0000190c  __TI_CINIT_Limit                     
20000000  _hal_pfnRAMVectors                   
20000208  __stack                              
20000408  __STACK_TOP                          
20000a08  __STACK_END                          
20000a48  __TI_cleanup_ptr                     
20000a4c  __TI_dtors_ptr                       
20000a50  __TI_enable_exit_profile_output      
20000a6c  _lock                                
20000a70  _unlock                              
20000a84  main_func_sp                         
ffffffff  __TI_pprof_out_hndl                  
ffffffff  __TI_prof_data_size                  
ffffffff  __TI_prof_data_start                 
ffffffff  __binit__                            
ffffffff  __c_args__                           
ffffffff  binit                                
UNDEFED   SHT$$INIT_ARRAY$$Base                
UNDEFED   SHT$$INIT_ARRAY$$Limit               

[122 symbols]
